

================================================================
== Vivado HLS Report for 'coshsinh_cordic'
================================================================
* Date:           Wed Feb 21 03:23:12 2018

* Version:        2016.2 (Build 1577090 on Thu Jun 02 16:59:10 MDT 2016)
* Project:        cordic_hls
* Solution:       solution1
* Product family: zynq
* Target device:  xc7z020clg484-1


================================================================
== Performance Estimates
================================================================
+ Timing (ns): 
    * Summary: 
    +--------+-------+----------+------------+
    |  Clock | Target| Estimated| Uncertainty|
    +--------+-------+----------+------------+
    |ap_clk  |  10.00|      9.40|        1.25|
    +--------+-------+----------+------------+

+ Latency (clock cycles): 
    * Summary: 
    +-----+-----+-----+-----+---------+
    |  Latency  |  Interval | Pipeline|
    | min | max | min | max |   Type  |
    +-----+-----+-----+-----+---------+
    |    ?|    ?|    ?|    ?|   none  |
    +-----+-----+-----+-----+---------+

    + Detail: 
        * Instance: 
        N/A

        * Loop: 
        +----------+-----+-----+----------+-----------+-----------+------+----------+
        |          |  Latency  | Iteration|  Initiation Interval  | Trip |          |
        | Loop Name| min | max |  Latency |  achieved |   target  | Count| Pipelined|
        +----------+-----+-----+----------+-----------+-----------+------+----------+
        |- Loop 1  |    ?|    ?|        22|          -|          -|     ?|    no    |
        |- Loop 2  |    ?|    ?|        31|          -|          -|     ?|    no    |
        +----------+-----+-----+----------+-----------+-----------+------+----------+



================================================================
== Utilization Estimates
================================================================
* Summary: 
+-----------------+---------+-------+--------+-------+
|       Name      | BRAM_18K| DSP48E|   FF   |  LUT  |
+-----------------+---------+-------+--------+-------+
|DSP              |        -|      -|       -|      -|
|Expression       |        -|      -|       0|    804|
|FIFO             |        -|      -|       -|      -|
|Instance         |        -|     39|    1971|   4501|
|Memory           |        2|      -|      64|     11|
|Multiplexer      |        -|      -|       -|   1518|
|Register         |        -|      -|    1601|      -|
+-----------------+---------+-------+--------+-------+
|Total            |        2|     39|    3636|   6834|
+-----------------+---------+-------+--------+-------+
|Available        |      280|    220|  106400|  53200|
+-----------------+---------+-------+--------+-------+
|Utilization (%)  |    ~0   |     17|       3|     12|
+-----------------+---------+-------+--------+-------+

+ Detail: 
    * Instance: 
    +-----------------------------------------------------+--------------------------------------------------+---------+-------+-----+------+
    |                       Instance                      |                      Module                      | BRAM_18K| DSP48E|  FF |  LUT |
    +-----------------------------------------------------+--------------------------------------------------+---------+-------+-----+------+
    |coshsinh_cordic_dadd_64ns_64ns_64_5_full_dsp_U1      |coshsinh_cordic_dadd_64ns_64ns_64_5_full_dsp      |        0|      3|  445|  1149|
    |coshsinh_cordic_dadddsub_64ns_64ns_64_5_full_dsp_U0  |coshsinh_cordic_dadddsub_64ns_64ns_64_5_full_dsp  |        0|      3|  445|  1149|
    |coshsinh_cordic_dcmp_64ns_64ns_1_1_U5                |coshsinh_cordic_dcmp_64ns_64ns_1_1                |        0|      0|  130|   469|
    |coshsinh_cordic_dmul_64ns_64ns_64_6_max_dsp_U2       |coshsinh_cordic_dmul_64ns_64ns_64_6_max_dsp       |        0|     11|  317|   578|
    |coshsinh_cordic_dmul_64ns_64ns_64_6_max_dsp_U3       |coshsinh_cordic_dmul_64ns_64ns_64_6_max_dsp       |        0|     11|  317|   578|
    |coshsinh_cordic_dmul_64ns_64ns_64_6_max_dsp_U4       |coshsinh_cordic_dmul_64ns_64ns_64_6_max_dsp       |        0|     11|  317|   578|
    +-----------------------------------------------------+--------------------------------------------------+---------+-------+-----+------+
    |Total                                                |                                                  |        0|     39| 1971|  4501|
    +-----------------------------------------------------+--------------------------------------------------+---------+-------+-----+------+

    * DSP48: 
    N/A

    * Memory: 
    +--------------+----------------------------+---------+----+----+------+-----+------+-------------+
    |    Memory    |           Module           | BRAM_18K| FF | LUT| Words| Bits| Banks| W*Bits*Banks|
    +--------------+----------------------------+---------+----+----+------+-----+------+-------------+
    |angles_neg_U  |coshsinh_cordic_angles_neg  |        0|  64|  11|    11|   64|     1|          704|
    |angles_pos_U  |coshsinh_cordic_angles_pos  |        2|   0|   0|    60|   64|     1|         3840|
    +--------------+----------------------------+---------+----+----+------+-----+------+-------------+
    |Total         |                            |        2|  64|  11|    71|  128|     2|         4544|
    +--------------+----------------------------+---------+----+----+------+-----+------+-------------+

    * FIFO: 
    N/A

    * Expression: 
    +-------------------------+----------+-------+---+----+------------+------------+
    |      Variable Name      | Operation| DSP48E| FF| LUT| Bitwidth P0| Bitwidth P1|
    +-------------------------+----------+-------+---+----+------------+------------+
    |j_2_fu_413_p2            |     +    |      0|  0|  32|           1|          32|
    |j_3_fu_524_p2            |     +    |      0|  0|  32|           1|          32|
    |j_fu_390_p2              |     -    |      0|  0|  32|           1|          32|
    |tmp_4_fu_402_p2          |     -    |      0|  0|  32|           1|          32|
    |tmp_20_fu_376_p2         |    and   |      0|  0|   1|           1|           1|
    |tmp_27_fu_455_p2         |    and   |      0|  0|   1|           1|           1|
    |tmp_32_fu_510_p2         |    and   |      0|  0|   1|           1|           1|
    |tmp_37_fu_614_p2         |    and   |      0|  0|   1|           1|           1|
    |notlhs1_fu_437_p2        |   icmp   |      0|  0|   4|          11|           2|
    |notlhs2_fu_492_p2        |   icmp   |      0|  0|   4|          11|           2|
    |notlhs3_fu_596_p2        |   icmp   |      0|  0|   4|          11|           2|
    |notlhs_fu_358_p2         |   icmp   |      0|  0|   4|          11|           2|
    |notrhs1_fu_443_p2        |   icmp   |      0|  0|  18|          52|           1|
    |notrhs2_fu_498_p2        |   icmp   |      0|  0|  18|          52|           1|
    |notrhs3_fu_602_p2        |   icmp   |      0|  0|  18|          52|           1|
    |notrhs_fu_364_p2         |   icmp   |      0|  0|  18|          52|           1|
    |sel_tmp1_fu_542_p2       |   icmp   |      0|  0|  11|          32|           4|
    |sel_tmp2_fu_548_p2       |   icmp   |      0|  0|  11|          32|           3|
    |sel_tmp_fu_536_p2        |   icmp   |      0|  0|  11|          32|           6|
    |tmp_21_fu_530_p2         |   icmp   |      0|  0|  11|          32|           6|
    |tmp_3_fu_396_p2          |   icmp   |      0|  0|  11|          32|           1|
    |tmp_8_fu_469_p2          |   icmp   |      0|  0|  11|          32|          32|
    |sel_tmp4_fu_560_p2       |    or    |      0|  0|   1|           1|           1|
    |tmp1_fu_554_p2           |    or    |      0|  0|   1|           1|           1|
    |tmp_12_fu_370_p2         |    or    |      0|  0|   1|           1|           1|
    |tmp_25_fu_449_p2         |    or    |      0|  0|   1|           1|           1|
    |tmp_30_fu_504_p2         |    or    |      0|  0|   1|           1|           1|
    |tmp_35_fu_608_p2         |    or    |      0|  0|   1|           1|           1|
    |angle_3_fu_571_p3        |  select  |      0|  0|  64|           1|          64|
    |beta_assign_3_fu_628_p3  |  select  |      0|  0|  64|           1|          64|
    |c2_3_fu_634_p3           |  select  |      0|  0|  64|           1|          64|
    |s2_3_fu_641_p3           |  select  |      0|  0|  64|           1|          64|
    |sigma_1_fu_516_p3        |  select  |      0|  0|  64|           1|          64|
    |sigma_2_fu_620_p3        |  select  |      0|  0|  64|           1|          64|
    |sigma_fu_461_p3          |  select  |      0|  0|  64|           1|          64|
    |sign_factor_fu_382_p3    |  select  |      0|  0|  64|           1|          64|
    +-------------------------+----------+-------+---+----+------------+------------+
    |Total                    |          |      0|  0| 804|         466|         714|
    +-------------------------+----------+-------+---+----+------------+------------+

    * Multiplexer: 
    +----------------------+-----+-----------+-----+-----------+
    |         Name         | LUT | Input Size| Bits| Total Bits|
    +----------------------+-----+-----------+-----+-----------+
    |angle1_reg_197        |   64|          2|   64|        128|
    |ap_NS_fsm             |  108|         60|    1|         60|
    |ch_load_2_reg_175     |   64|          2|   64|        128|
    |ch_load_reg_120       |   64|          2|   64|        128|
    |grp_fu_243_opcode     |    2|          3|    2|          6|
    |grp_fu_243_p0         |  128|          8|   64|        512|
    |grp_fu_243_p1         |   64|          5|   64|        320|
    |grp_fu_251_p1         |   64|          4|   64|        256|
    |grp_fu_259_p0         |  128|          8|   64|        512|
    |grp_fu_259_p1         |  128|          9|   64|        576|
    |grp_fu_266_p0         |   64|          6|   64|        384|
    |grp_fu_266_p1         |   64|          6|   64|        384|
    |grp_fu_277_p0         |   64|          3|   64|        192|
    |grp_fu_286_p0         |   64|          5|   64|        320|
    |j1_reg_156            |   32|          2|   32|         64|
    |j_1_reg_220           |   32|          2|   32|         64|
    |p_0_reg_165           |   64|          2|   64|        128|
    |p_1_reg_232           |   64|          2|   64|        128|
    |poweroftwo_1_reg_209  |   64|          2|   64|        128|
    |poweroftwo_reg_144    |   64|          2|   64|        128|
    |sh_load_reg_186       |   64|          2|   64|        128|
    |tmp_2_reg_132         |   64|          2|   64|        128|
    +----------------------+-----+-----------+-----+-----------+
    |Total                 | 1518|        139| 1219|       4802|
    +----------------------+-----+-----------+-----+-----------+

    * Register: 
    +-----------------------+----+----+-----+-----------+
    |          Name         | FF | LUT| Bits| Const Bits|
    +-----------------------+----+----+-----+-----------+
    |angle1_reg_197         |  64|   0|   64|          0|
    |angle_3_reg_728        |  64|   0|   64|          0|
    |angle_reg_681          |  64|   0|   64|          0|
    |ap_CS_fsm              |  59|   0|   59|          0|
    |beta_assign_2_reg_739  |  64|   0|   64|          0|
    |beta_assign_3_reg_744  |  64|   0|   64|          0|
    |ch_load_2_reg_175      |  64|   0|   64|          0|
    |ch_load_reg_120        |  64|   0|   64|          0|
    |factor_reg_691         |  64|   0|   64|          0|
    |j1_reg_156             |  32|   0|   32|          0|
    |j_1_reg_220            |  32|   0|   32|          0|
    |j_2_reg_676            |  32|   0|   32|          0|
    |j_3_reg_706            |  32|   0|   32|          0|
    |p_0_reg_165            |  64|   0|   64|          0|
    |p_1_reg_232            |  64|   0|   64|          0|
    |poweroftwo_1_reg_209   |  64|   0|   64|          0|
    |poweroftwo_reg_144     |  64|   0|   64|          0|
    |reg_294                |  64|   0|   64|          0|
    |reg_302                |  64|   0|   64|          0|
    |reg_310                |  64|   0|   64|          0|
    |reg_315                |  64|   0|   64|          0|
    |reg_321                |  64|   0|   64|          0|
    |reg_328                |  64|   0|   64|          0|
    |reg_335                |  64|   0|   64|          0|
    |s2_2_reg_749           |  64|   0|   64|          0|
    |sel_tmp4_reg_716       |   1|   0|    1|          0|
    |sh_load_reg_186        |  64|   0|   64|          0|
    |sigma_1_reg_700        |   1|   0|   64|         63|
    |sigma_2_reg_733        |   1|   0|   64|         63|
    |sigma_reg_686          |   1|   0|   64|         63|
    |sign_factor_reg_657    |   1|   0|   64|         63|
    |tmp_21_reg_711         |   1|   0|    1|          0|
    |tmp_2_reg_132          |  64|   0|   64|          0|
    +-----------------------+----+----+-----+-----------+
    |Total                  |1601|   0| 1853|        252|
    +-----------------------+----+----+-----+-----------+



================================================================
== Interface
================================================================
* Summary: 
+-----------+-----+-----+------------+-----------------+--------------+
| RTL Ports | Dir | Bits|  Protocol  |  Source Object  |    C Type    |
+-----------+-----+-----+------------+-----------------+--------------+
|ap_clk     |  in |    1| ap_ctrl_hs | coshsinh_cordic | return value |
|ap_rst     |  in |    1| ap_ctrl_hs | coshsinh_cordic | return value |
|ap_start   |  in |    1| ap_ctrl_hs | coshsinh_cordic | return value |
|ap_done    | out |    1| ap_ctrl_hs | coshsinh_cordic | return value |
|ap_idle    | out |    1| ap_ctrl_hs | coshsinh_cordic | return value |
|ap_ready   | out |    1| ap_ctrl_hs | coshsinh_cordic | return value |
|beta       |  in |   64|   ap_none  |       beta      |    scalar    |
|m          |  in |   32|   ap_none  |        m        |    scalar    |
|n          |  in |   32|   ap_none  |        n        |    scalar    |
|ch         | out |   64|   ap_vld   |        ch       |    pointer   |
|ch_ap_vld  | out |    1|   ap_vld   |        ch       |    pointer   |
|sh         | out |   64|   ap_vld   |        sh       |    pointer   |
|sh_ap_vld  | out |    1|   ap_vld   |        sh       |    pointer   |
+-----------+-----+-----+------------+-----------------+--------------+

